                         Chronologic VCS (TM)
      Version W-2024.09-SP2-3_Full64 -- Fri Sep 18 04:20:36 2026

                    Copyright (c) 1991 - 2025 Synopsys, Inc.
   This software and the associated documentation are proprietary to Synopsys,
 Inc. This software may only be used in accordance with the terms and conditions
 of a written license agreement with Synopsys, Inc. All other use, reproduction,
   or distribution of this software is strictly prohibited.  Licensed Products
     communicate with Synopsys servers for the purpose of providing software
    updates, detecting software piracy and verifying that customers are using
    Licensed Products in conformity with the applicable License Key for such
  Licensed Products. Synopsys will use information gathered in connection with
    this process to deliver software updates and pursue software pirates and
                                   infringers.

 Inclusivity & Diversity - Visit SolvNetPlus to read the "Synopsys Statement on
            Inclusivity and Diversity" (Refer to article 000036315 at
                        https://solvnetplus.synopsys.com)

Parsing design file '/home/a34263_asu/CSE598/LAB1/rtl/fifo/fifo_tb.sv'
Parsing design file '/home/a34263_asu/CSE598/LAB1/rtl/fifo/fifo.sv'
Parsing design file '/home/a34263_asu/CSE598/LAB1/rtl/fifo/fifo_if.sv'
Top Level Modules:
       fifo_tb
TimeScale is 1 ns / 1 ps
Notice: Ports coerced to inout, use -notice for details
Starting vcs inline pass...
2 modules and 0 UDP read.
recompiling module fifo_tb
recompiling module fifo_if
Both modules done.
make[1]: Entering directory '/home/a34263_asu/CSE598/LAB1/sim/csrc'
make[1]: Leaving directory '/home/a34263_asu/CSE598/LAB1/sim/csrc'
make[1]: Entering directory '/home/a34263_asu/CSE598/LAB1/sim/csrc'
rm -f _cuarc*.so _csrc*.so pre_vcsobj_*.so share_vcsobj_*.so
if [ -x ../simv ]; then chmod a-x ../simv; fi
g++  -o ../simv      -rdynamic  -Wl,-rpath='$ORIGIN'/simv.daidir -Wl,-rpath=./simv.daidir -Wl,-rpath=/usr/local2/synopsys/vcs_2024/vcs/W-2024.09-SP2-3/linux64/lib -L/usr/local2/synopsys/vcs_2024/vcs/W-2024.09-SP2-3/linux64/lib  -Wl,-rpath-link=./  /usr/lib64/libnuma.so.1   objs/amcQw_d.o   _254217_archive_1.so   SIM_l.o      rmapats_mop.o rmapats.o rmar.o rmar_nd.o  rmar_llvm_0_1.o rmar_llvm_0_0.o            -lvirsim -lerrorinf -lsnpsmalloc -lvfs    -lvcsnew -ldistsimclient -lsimprofile -luclinative /usr/local2/synopsys/vcs_2024/vcs/W-2024.09-SP2-3/linux64/lib/vcs_tls.o   -Wl,-whole-archive  -lvcsucli    -Wl,-no-whole-archive        _vcs_pli_stub_.o   /usr/local2/synopsys/vcs_2024/vcs/W-2024.09-SP2-3/linux64/lib/vcs_save_restore_new.o /usr/local2/synopsys/verdi_2024.09/verdi_2024/share/PLI/VCS/LINUX64/pli.a -ldl  -lc -lm -lpthread -ldl 
../simv up to date
make[1]: Leaving directory '/home/a34263_asu/CSE598/LAB1/sim/csrc'
CPU time: .202 seconds to compile + .206 seconds to elab + .176 seconds to link
