version: (200506)

available memory: 64M bytes
used memory: 245760 bytes [need 240K bytes if disable swap]

used block: 16 [memory(16) file(0)]
                 [ 8K(14) 64K(2) { total 240K bytes } ]
overhead: (9514) bytes for (16) blocks [Average: (594) bytes/block]

write  => 0(times) 0K(bytes) [0K bytes to file]
read   => 2(times) 90K(bytes) [9K bytes compressed data from file]
access => 1044723(times) 8180M(bytes)
          [hit ratio: 99.9998%]

time: write(0) read(0)  unit: second

swap file directory: (/home/a34263_asu/CSE598/LAB0/sim/verdiLog)
used swap file number: (3)



swap file manager:
arrSize: (256)
idxCnt: (4)
closeHead: (1)
closeTail: (3)
openCnt: (3)
fid(3): fd(1073741825) fileName(/home/a34263_asu/CSE598/LAB0/sim/simv.daidir/kdb.elab++/work.lib++/18_19_Slice.v.tdc)
	size(14235) lastModTime(1788978283) curModTime(1788978283)
	mode(rb)	hot(0) cool(2) pos(0)
fid(2): fd(24) fileName(/home/a34263_asu/CSE598/LAB0/sim/verdiLog/_swap_0001#402246712#26123)
	size(0) lastModTime(0) curModTime(1788979704)
	mode(w+b)	hot(3) cool(1) pos(0)
fid(1): fd(1073741824) fileName(/home/a34263_asu/CSE598/LAB0/sim/simv.daidir/kdb.elab++/work.lib++/18_19_Slice_tb.v.tdc)
	size(3438) lastModTime(1788978283) curModTime(1788978283)
	mode(rb)	hot(2) cool(0) pos(0)
fid(0): fd(0) fileName(NULL)
	mode(NULL)	hot(0) cool(0) pos(0)
==================================================
mySelf(0x20cff090) pre(0x235e0ec0) next((nil))
version(200506)
date(Jun 27 2025 20:37:29)
